---
source: src/interpreter/tests.rs
description: "This sentence[^1] has two footnotes[^2] followed by a list.\n\n1. Ordered list\n\n[^1]: 1st footnote\n[^2]: 2nd footnote"
expression: interpret_md(text)
---
[
    TextBox(
        TextBox {
            is_anchor: Some("#fnref-2"),
            texts: [
                Text {
                    text: "This sentence",
                    default_color: Color(BLACK),
                },
                Text {
                    text: "1",
                    color: Some(Color { r: 0.09, g: 0.13, b: 1.00 }),
                    link: Some("#fn-1"),
                },
                Text {
                    text: " has two footnotes",
                    default_color: Color(BLACK),
                },
                Text {
                    text: "2",
                    color: Some(Color { r: 0.09, g: 0.13, b: 1.00 }),
                    link: Some("#fn-2"),
                },
                Text {
                    text: " followed by a list.",
                    default_color: Color(BLACK),
                },
            ],
        },
    ),
    Spacer(
        InvisibleSpacer(5),
    ),
    TextBox(
        TextBox {
            indent: 50.0,
            texts: [
                Text {
                    text: "1. ",
                    default_color: Color(BLACK),
                    style: BOLD ,
                },
                Text {
                    text: "Ordered list",
                    default_color: Color(BLACK),
                },
            ],
        },
    ),
    Spacer(
        InvisibleSpacer(5),
    ),
    TextBox(
        TextBox {
            indent: 50.0,
            is_anchor: Some("#fn-1"),
            texts: [
                Text {
                    text: "1. ",
                    default_color: Color(BLACK),
                    style: BOLD ,
                },
                Text {
                    text: "1st footnote ",
                    default_color: Color(BLACK),
                },
                Text {
                    text: "↩",
                    color: Some(Color { r: 0.09, g: 0.13, b: 1.00 }),
                    link: Some("#fnref-1"),
                },
            ],
        },
    ),
    Spacer(
        InvisibleSpacer(5),
    ),
    TextBox(
        TextBox {
            indent: 50.0,
            is_anchor: Some("#fn-2"),
            texts: [
                Text {
                    text: "2. ",
                    default_color: Color(BLACK),
                    style: BOLD ,
                },
                Text {
                    text: "2nd footnote ",
                    default_color: Color(BLACK),
                },
                Text {
                    text: "↩",
                    color: Some(Color { r: 0.09, g: 0.13, b: 1.00 }),
                    link: Some("#fnref-2"),
                },
            ],
        },
    ),
    Spacer(
        InvisibleSpacer(5),
    ),
    Spacer(
        InvisibleSpacer(5),
    ),
]
